GRA-IMMUTABLECOLLECTIONEQUALITY-001 | Warning | (6,0 - 6,11) | System.Collections.Immutable.ImmutableDictionary does not implement structural equality. Use Object.ReferenceEquals instead of .Equals, = or <> to emphasize this. | []
