GRA-LOGTEMPLMISSVALS-001 | Warning | (10,8 - 10,71) | The given values in your call to ILogger.LogWarning don't match the expected templated args. | []
