GRA-VIRTUALCALL-001 | Warning | (5,4 - 5,22) | Consider replacing the call of Seq.average with a function from the List module to avoid the costs of virtual calls. | [(5,4 - 5,7) List]
