GRA-STRING-002 | Warning | (3,0 - 3,21) | The usage of String.StartsWith with a single string argument is discouraged. Signal your intention explicitly by calling an overload.
