GRA-STRING-002 | Warning | (2,2 - 2,12) | The usage of String.StartsWith with a single string argument is discouraged. Signal your intention explicitly by calling an overload.
