GRA-TYPE-ANNOTATE-001 | Warning | (5,8 - 5,20) | Please annotate your type when using the `string` function. | []
