GRA-VIRTUALCALL-001 | Warning | (5,4 - 5,24) | Consider replacing the call of Seq.contains with a function from the Set module to avoid the costs of virtual calls.
