GRA-VIRTUALCALL-001 | Warning | (5,13 - 5,20) | Consider replacing the call of Seq.min with a function from the Set module to avoid the costs of virtual calls. | [(5,13 - 5,20) Set.minElement]
