GRA-VIRTUALCALL-001 | Warning | (5,4 - 5,17) | Consider replacing the call of Seq.max with a function from the Set module to avoid the costs of virtual calls. | [(5,4 - 5,11) Set.maxElement]
