GRA-001 | Warning | (1,6 - 1,14) | The usage of String.EndsWith with a single string argument is discouraged. Signal your intention explicitly by calling an overload.