GRA-STRING-001 | Warning | (2,0 - 2,17) | The usage of String.EndsWith with a single string argument is discouraged. Signal your intention explicitly by calling an overload.
