GRA-001 | Warning | (4,4 - 4,12) | The usage of String.EndsWith with a single string argument is discouraged. Signal your intention explicitly by calling an overload.