GRA-DISPBEFOREASYNC-001 | Warning | (12,8 - 12,16) | Object is disposed before returned async is run | []
