GRA-DISPBEFOREASYNC-001 | Warning | (17,8 - 17,16) | Object is disposed before returned async is run | []
