GRA-DISPBEFOREASYNC-001 | Warning | (6,8 - 6,12) | Object is disposed before returned async is run | []
GRA-DISPBEFOREASYNC-001 | Warning | (15,8 - 15,12) | Object is disposed before returned async is run | []
