GRA-DISPBEFOREASYNC-001 | Warning | (9,12 - 9,14) | Object is disposed before returned async is run | []
GRA-DISPBEFOREASYNC-001 | Warning | (11,12 - 11,14) | Object is disposed before returned async is run | []
