GRA-DISPBEFOREASYNC-001 | Warning | (7,8 - 7,10) | Object is disposed before returned async is run | []
GRA-DISPBEFOREASYNC-001 | Warning | (9,8 - 9,10) | Object is disposed before returned async is run | []
