GRA-DISPBEFOREASYNC-001 | Warning | (11,8 - 11,9) | Object is disposed before returned async is run | []
