GRA-DISPBEFOREASYNC-001 | Warning | (9,12 - 9,13) | Object is disposed before returned async is run | []
