GRA-PARTAPP-001 | Warning | (5,8 - 5,14) | Partial application should not be used. | []
