GRA-PARTAPP-001 | Warning | (4,16 - 4,17) | Partial application should not be used. | []
