GRA-LOGTEMPLMISSVALS-001 | Warning | (9,8 - 9,67) | The given values in your call to ILogger.Log{Warning, Error, ...} don't match the expected templated args. | []
