GRA-STRING-004 | Warning | (3,0 - 3,28) | The usage of String.LastIndexOf with a single string argument is discouraged. Signal your intention explicitly by calling an overload. | []
