GRA-STRING-004 | Warning | (6,0 - 6,20) | The usage of String.LastIndexOf with a single string argument is discouraged. Signal your intention explicitly by calling an overload. | []
