GRA-UNTYPEDAPI-001 | Warning | (3,4 - 3,12) | `areEqual` is not private, not fully typed and could be made private to file.
Missing constraint: 'a : equality
Generic type parameter 'b not present.
