GRA-UNTYPEDAPI-001 | Warning | (3,4 - 3,5) | `v` is not private, not fully typed and could be made private to file.
Missing constraint: 'c :> System.IDisposable
