GRA-JSONOPTS-001 | Warning | (6,12 - 6,82) | JsonSerializerOptions instances should be cached.
GRA-JSONOPTS-001 | Warning | (7,12 - 7,93) | JsonSerializerOptions instances should be cached.
GRA-JSONOPTS-001 | Warning | (8,12 - 8,103) | JsonSerializerOptions instances should be cached.
