GRA-STRING-003 | Warning | (6,0 - 6,16) | The usage of String.IndexOf with a single string argument is discouraged. Signal your intention explicitly by calling an overload.
