GRA-JSONOPTS-001 | Warning | (6,12 - 6,78) | JsonSerializerOptions instances should be cached. | []
GRA-JSONOPTS-001 | Warning | (7,12 - 7,89) | JsonSerializerOptions instances should be cached. | []
GRA-JSONOPTS-001 | Warning | (8,12 - 8,99) | JsonSerializerOptions instances should be cached. | []
