GRA-PARTAPP-001 | Warning | (6,22 - 6,31) | Partial application should not be used.
GRA-PARTAPP-001 | Warning | (6,48 - 6,54) | Partial application should not be used.
