GRA-PARTAPP-001 | Warning | (6,20 - 6,26) | Partial application should not be used. | []
GRA-PARTAPP-001 | Warning | (7,12 - 7,18) | Partial application should not be used. | []
