GRA-PARTAPP-001 | Warning | (4,16 - 4,17) | partial application should not be used: op_Addition at (4,16--4,17)
